[
    [
        "",
        [
            "pre_message",
            [ "{\"command\":\"nosong\"}",
              { "command": "nosong" }
            ]
        ],
        {}
    ],
    [
        "",
        [ "endsong", null ],
        {}
    ],
    [
        "",
        [ "nosong", { "command": "nosong" } ],
        {}
    ],
    [
        "",
        [ "post_message",
            [ "{\"command\":\"nosong\"}",
              { "command": "nosong" }
            ]
        ],
        {}
    ]
]
